[21:57:02] [ServerMain/INFO]: Environment: Environment[sessionHost=https://sessionserver.mojang.com, servicesHost=https://api.minecraftservices.com, name=PROD]
[21:57:04] [ServerMain/INFO]: Loaded 1407 recipes
[21:57:04] [ServerMain/INFO]: Loaded 1520 advancements
[21:57:04] [Server thread/INFO]: Starting minecraft server version 1.21.8
[21:57:04] [Server thread/INFO]: Loading properties
[21:57:04] [Server thread/INFO]: Default game type: SURVIVAL
[21:57:04] [Server thread/INFO]: Generating keypair
[21:57:04] [Server thread/INFO]: Starting Minecraft server on *:25565
[21:57:05] [Server thread/INFO]: Using epoll channel type
[21:57:05] [Server thread/WARN]: **** SERVER IS RUNNING IN OFFLINE/INSECURE MODE!
[21:57:05] [Server thread/WARN]: The server will make no attempt to authenticate usernames. Beware.
[21:57:05] [Server thread/WARN]: While this makes the game possible to play without internet access, it also opens up the ability for hackers to connect with any username they choose.
[21:57:05] [Server thread/WARN]: To change this, set "online-mode" to "true" in the server.properties file.
[21:57:05] [Server thread/INFO]: Preparing level "world"
[21:57:05] [Server thread/INFO]: Preparing start region for dimension minecraft:overworld
[21:57:05] [Worker-Main-2/INFO]: Preparing spawn area: 0%
[21:57:05] [Server thread/INFO]: Time elapsed: 392 ms
[21:57:05] [Server thread/INFO]: Done (0.564s)! For help, type "help"
[21:57:16] [Server thread/INFO]: Stopping the server
[21:57:16] [Server thread/INFO]: Stopping server
[21:57:16] [Server thread/INFO]: Saving players
[21:57:16] [Server thread/INFO]: Saving worlds
[21:57:16] [Server thread/INFO]: Saving chunks for level 'ServerLevel[§6OneBlock§7 (1.21.5)]'/minecraft:overworld
[21:57:16] [Server thread/INFO]: Saving chunks for level 'ServerLevel[§6OneBlock§7 (1.21.5)]'/minecraft:the_end
[21:57:16] [Server thread/INFO]: Saving chunks for level 'ServerLevel[§6OneBlock§7 (1.21.5)]'/minecraft:the_nether
[21:57:16] [Server thread/INFO]: ThreadedAnvilChunkStorage (world): All chunks are saved
[21:57:16] [Server thread/INFO]: ThreadedAnvilChunkStorage (DIM1): All chunks are saved
[21:57:16] [Server thread/INFO]: ThreadedAnvilChunkStorage (DIM-1): All chunks are saved
[21:57:16] [Server thread/INFO]: ThreadedAnvilChunkStorage: All dimensions are saved
